[golddigger.frvr.com/index.html]
[backblue.gif]
[fade.gif]
[index.html]
[golddigger.frvr.com/assets/manifest.e9c3640c.json]
[golddigger.frvr.com/assets/favicon.38b05438.png]
[golddigger.frvr.com/assets/icon60x60.2754d9f4.png]
[golddigger.frvr.com/assets/icon76x76.8c4ac757.png]
[golddigger.frvr.com/ru/index.html]
[golddigger.frvr.com/assets/icon120x120.44e1b4e9.png]
[golddigger.frvr.com/assets/icon196x196.3ade6aee.png]
[golddigger.frvr.com/assets/icon256x256.d7d9727f.png]
[golddigger.frvr.com/assets/icon1024x1024.bdffae1c.png]
[cdn2.frvr.com/onetrust/scripttemplates/otSDKStub.js]
[golddigger.frvr.com/zh-Hans/index.html]
[golddigger.frvr.com/POST]
[golddigger.frvr.com/OPR/index.html]
[www.google-analytics.com/analytics.js]
[golddigger.frvr.com/GET]
[golddigger.frvr.com/index.html]
[golddigger.frvr.com/release/index.html]
[golddigger.frvr.com/assets/manifest.e9c3640c.ru.json]
[golddigger.frvr.com/assets/facebook01.f09f36fd.png]
[golddigger.frvr.com/assets/twitter01.2790e57d.png]
[golddigger.frvr.com/ru/POST]
[golddigger.frvr.com/ru/GET]
[golddigger.frvr.com/ru/index.html]
[golddigger.frvr.com/ru/OPR/index.html]
[golddigger.frvr.com/assets/manifest.e9c3640c.zh-Hans.json]
[golddigger.frvr.com/ru/release/index.html]
[golddigger.frvr.com/zh-Hans/POST.14.delayed]
[golddigger.frvr.com/zh-Hans/GET]
[golddigger.frvr.com/zh-Hans/index.html]
[golddigger.frvr.com/OPR/index.html]
[golddigger.frvr.com/POST]
[golddigger.frvr.com/release/index.html]
[golddigger.frvr.com/GET]
[golddigger.frvr.com/assets/facebook01.f09f36fd.png]
[golddigger.frvr.com/assets/twitter01.2790e57d.png]
[golddigger.frvr.com/ru/OPR/index.html]
[golddigger.frvr.com/ru/POST]
[golddigger.frvr.com/ru/release/index.html]
[golddigger.frvr.com/ru/GET]
[golddigger.frvr.com/zh-Hans/release/index.html]
[golddigger.frvr.com/zh-Hans/OPR/index.html]
[golddigger.frvr.com/zh-Hans/OPR/index.html]
[golddigger.frvr.com/zh-Hans/POST]
[golddigger.frvr.com/zh-Hans/release/index.html]
[golddigger.frvr.com/zh-Hans/GET]
