[frvr.com/index.html]
[backblue.gif]
[fade.gif]
[index.html]
[frvr.com/i/share-image.jpg]
[frvr.com/images/content/apple-touch-icon.png]
[frvr.com/images/content/favicon-32x32.png]
[frvr.com/images/content/favicon-16x16.png]
[frvr.com/images/content/site.webmanifest]
[www.google-analytics.com/analytics.js]
[cookie-cdn.cookiepro.com/scripttemplates/otSDKStub.js]
[frvr.com/favicon.ico]
[frvr.com/css/app.cccc71fbc122b4fe8770.css]
[frvr.com/browse/index.html]
[frvr.com/images/content/lights-on.svg]
[frvr.com/images/content/lights-off.svg]
[frvr.com/images/content/magnify-glass.svg]
[frvr.com/images/content/browse-games-image.webp]
[frvr.com/legal/index.html]
[frvr.com/tutorials/index.html]
[frvr.com/dmca/index.html]
[frvr.com/contact/index.html]
[frvr.com/index.html]
[frvr.com/js/app.e3d2efecf9d3f4b10236.js]
[frvr.com/fonts/poppins-devanagari-300-normal.8236e9.woff2]
[frvr.com/fonts/poppins-all-300-normal.9541f5.woff]
[frvr.com/css/app.cccc71fbc122b4fe8770.css]
[frvr.com/browse/index.html]
[frvr.com/tutorials/favicon.ico]
[frvr.com/tutorials/assets/basketball.61a5c92f.css]
[frvr.com/tutorials/index-2.html]
[frvr.com/tutorials/assets/logo.5f5c394e.svg]
[frvr.com/tutorials/troubleshooting/index.html]
[frvr.com/tutorials/basketball/index.html]
[frvr.com/tutorials/golddigger/index.html]
[frvr.com/tutorials/krunker/index.html]
[frvr.com/tutorials/index.html]
[frvr.com/images/content/lights-on.svg]
[frvr.com/images/content/lights-off.svg]
[frvr.com/images/content/magnify-glass.svg]
[frvr.com/legal/index.html]
[frvr.com/dmca/index.html]
[frvr.com/contact/index.html]
[euc-widget.freshworks.com/widgetBase/bootstrap.js]
[frvr.com/tutorials/assets/poppins-devanagari-400-normal.478b3ab7.woff2]
[frvr.com/tutorials/assets/poppins-all-400-normal.c68e1edb.woff]
[frvr.com/tutorials/assets/poppins-latin-ext-400-normal.cb8bdeab.woff2]
[frvr.com/tutorials/assets/poppins-latin-400-normal.7d93459d.woff2]
[frvr.com/tutorials/assets/poppins-devanagari-700-normal.6197a412.woff2]
[frvr.com/tutorials/assets/poppins-all-700-normal.282b1ac4.woff]
[frvr.com/tutorials/assets/poppins-latin-ext-700-normal.4ce2c84c.woff2]
[frvr.com/tutorials/assets/poppins-latin-700-normal.9338e65f.woff2]
[frvr.com/tutorials/assets/open-sans-cyrillic-ext-400-normal.bbbef4da.woff2]
[frvr.com/tutorials/assets/open-sans-all-400-normal.17d899f5.woff]
[frvr.com/tutorials/assets/open-sans-cyrillic-400-normal.624b7132.woff2]
[frvr.com/tutorials/assets/basketball.61a5c92f.css]
[frvr.com/tutorials/index-2.html]
[frvr.com/tutorials/assets/logo.5f5c394e.svg]
[frvr.com/tutorials/troubleshooting/index.html]
[frvr.com/tutorials/basketball/basketball how to play.gif]
[frvr.com/tutorials/basketball/basketball ball skins.png]
[frvr.com/tutorials/basketball/basketball coins.png]
[frvr.com/tutorials/basketball/basketball powerups.png]
[frvr.com/tutorials/basketball/basketball powerups2.png]
[frvr.com/tutorials/basketball/index.html]
[frvr.com/tutorials/golddigger/gd how to play.gif]
[frvr.com/tutorials/golddigger/gd icons.png]
[frvr.com/tutorials/golddigger/gd top icons.png]
[frvr.com/tutorials/golddigger/gd character level.png]
[frvr.com/tutorials/golddigger/gd skill levels.png]
[frvr.com/tutorials/golddigger/gem.png]
[frvr.com/tutorials/golddigger/gd bonus.png]
[frvr.com/tutorials/golddigger/building-shoptools.png]
[frvr.com/tutorials/golddigger/building-pawnshop.png]
[frvr.com/tutorials/golddigger/building-homedecor.png]
[frvr.com/tutorials/golddigger/crowbar.gif]
[frvr.com/tutorials/golddigger/gd special ore skill.png]
[frvr.com/tutorials/golddigger/super ore.png]
[frvr.com/tutorials/golddigger/gd belt.gif]
[frvr.com/tutorials/golddigger/conveyer belt.svg]
[frvr.com/tutorials/golddigger/rock transformer.svg]
[frvr.com/tutorials/golddigger/elevator.png]
[frvr.com/tutorials/golddigger/elevator.mov]
[frvr.com/tutorials/golddigger/ladder.png]
[frvr.com/tutorials/golddigger/death-loot-marker.png]
[frvr.com/tutorials/golddigger/gd oracle.png]
[frvr.com/tutorials/golddigger/gd oracle 2.png]
[frvr.com/tutorials/golddigger/index.html]
[frvr.com/tutorials/krunker/getting-started/index.html]
[frvr.com/tutorials/krunker/knowledge-base/index.html]
[frvr.com/tutorials/krunker/index.html]
[frvr.com/tutorials/golddigger/conveyer belt.svg]
[frvr.com/tutorials/golddigger/rock transformer.svg]
[frvr.com/tutorials/krunker/krunker hud main menu.png]
[frvr.com/tutorials/krunker/krunker hud left.png]
[frvr.com/tutorials/krunker/krunker hud top left.png]
[frvr.com/tutorials/krunker/krunker hud right.png]
[frvr.com/tutorials/krunker/krunker hud top right.png]
[frvr.com/tutorials/krunker/krunker hud bottom right.png]
[frvr.com/tutorials/krunker/krunker hud in game.png]
[frvr.com/tutorials/krunker/krunker timer.png]
[frvr.com/tutorials/krunker/krunker chat.png]
[frvr.com/tutorials/krunker/krunker matchlog.png]
[frvr.com/tutorials/krunker/krunker loadout.png]
[frvr.com/tutorials/krunker/settings.png]
[frvr.com/tutorials/krunker/getting-started/index.html]
[frvr.com/tutorials/krunker/classes.png]
[frvr.com/tutorials/krunker/triggerman.png]
[frvr.com/tutorials/krunker/hunter.png]
[frvr.com/tutorials/krunker/runngun.png]
[frvr.com/tutorials/krunker/spraynpray.png]
[frvr.com/tutorials/krunker/vince.png]
[frvr.com/tutorials/krunker/detective.png]
[frvr.com/tutorials/krunker/marksman.png]
[frvr.com/tutorials/krunker/rocketeer.png]
[frvr.com/tutorials/krunker/agent.png]
[frvr.com/tutorials/krunker/runner.png]
[frvr.com/tutorials/krunker/deagler.png]
[frvr.com/tutorials/krunker/bowman.png]
[frvr.com/tutorials/krunker/commando.png]
[frvr.com/tutorials/krunker/trooper.png]
[frvr.com/tutorials/krunker/survivor.png]
[frvr.com/tutorials/krunker/infiltrator.png]
[frvr.com/tutorials/krunker/krunker game modes.png]
[frvr.com/tutorials/krunker/krunker map vote.png]
[frvr.com/tutorials/krunker/krunker junkyard.png]
[frvr.com/tutorials/krunker/krunker market.png]
[frvr.com/tutorials/krunker/krunker trading.png]
[frvr.com/tutorials/krunker/krunker bundles.png]
[frvr.com/tutorials/krunker/krunker shop.png]
[frvr.com/tutorials/krunker/krunker premium.png]
[frvr.com/tutorials/krunker/krunker premium benefits.png]
[frvr.com/tutorials/krunker/krunker battle pass.png]
[frvr.com/tutorials/krunker/krunker battlepass missions.png]
[frvr.com/tutorials/krunker/krunker tickets.png]
[frvr.com/tutorials/krunker/kr spin.png]
[frvr.com/tutorials/krunker/krunker hub.png]
[frvr.com/tutorials/krunker/krunker clans leaderboard.png]
[frvr.com/tutorials/krunker/krunker item list.png]
[frvr.com/tutorials/krunker/krunker create clan.jpg]
[frvr.com/tutorials/krunker/krunker clan bank.png]
[frvr.com/tutorials/krunker/missions.png]
[frvr.com/tutorials/krunker/add friend.png]
[frvr.com/tutorials/krunker/friendlist.png]
[frvr.com/tutorials/krunker/host game.png]
[frvr.com/tutorials/krunker/krunker host game2.png]
[frvr.com/tutorials/krunker/krunker join game.png]
[frvr.com/tutorials/krunker/join game via link.png]
[frvr.com/tutorials/krunker/join custom games.png]
[frvr.com/tutorials/krunker/kpd call.png]
[frvr.com/tutorials/krunker/knowledge-base/index.html]
[frvr.com/legal/krunker/index.html]
[frvr.com/legal/krunker/index.html]
